// Vitest Snapshot v1, https://vitest.dev/guide/snapshot.html

exports[`parses input 1`] = `
[
  [
    ".",
    ".",
    ".",
    "#",
    ".",
    ".",
    ".",
    ".",
    ".",
    ".",
  ],
  [
    ".",
    ".",
    ".",
    ".",
    ".",
    ".",
    ".",
    "#",
    ".",
    ".",
  ],
  [
    "#",
    ".",
    ".",
    ".",
    ".",
    ".",
    ".",
    ".",
    ".",
    ".",
  ],
  [
    ".",
    ".",
    ".",
    ".",
    ".",
    ".",
    ".",
    ".",
    ".",
    ".",
  ],
  [
    ".",
    ".",
    ".",
    ".",
    ".",
    ".",
    "#",
    ".",
    ".",
    ".",
  ],
  [
    ".",
    "#",
    ".",
    ".",
    ".",
    ".",
    ".",
    ".",
    ".",
    ".",
  ],
  [
    ".",
    ".",
    ".",
    ".",
    ".",
    ".",
    ".",
    ".",
    ".",
    "#",
  ],
  [
    ".",
    ".",
    ".",
    ".",
    ".",
    ".",
    ".",
    ".",
    ".",
    ".",
  ],
  [
    ".",
    ".",
    ".",
    ".",
    ".",
    ".",
    ".",
    "#",
    ".",
    ".",
  ],
  [
    "#",
    ".",
    ".",
    ".",
    "#",
    ".",
    ".",
    ".",
    ".",
    ".",
  ],
]
`;
